This is pdfTeX, Version 3.141592653-2.6-1.40.24 (MiKTeX 22.10) (preloaded format=pdflatex 2022.11.21)  24 AUG 2026 14:37
entering extended mode
 restricted \write18 enabled.
 %&-line parsing enabled.
**./best_predictor_aout24.tex
(best_predictor_aout24.tex
LaTeX2e <2022-06-01> patch level 5
L3 programming layer <2022-10-26>
(C:\Users\MAISSORO Hassan\AppData\Local\Programs\MiKTeX\tex/latex/base\article.
cls
Document Class: article 2021/10/04 v1.4n Standard LaTeX document class

(C:\Users\MAISSORO Hassan\AppData\Local\Programs\MiKTeX\tex/latex/base\size10.c
lo
File: size10.clo 2021/10/04 v1.4n Standard LaTeX file (size option)
)
\c@part=\count185
\c@section=\count186
\c@subsection=\count187
\c@subsubsection=\count188
\c@paragraph=\count189
\c@subparagraph=\count190
\c@figure=\count191
\c@table=\count192
\abovecaptionskip=\skip47
\belowcaptionskip=\skip48
\bibindent=\dimen138
)
(C:\Users\MAISSORO Hassan\AppData\Local\Programs\MiKTeX\tex/latex/base\inputenc
.sty
Package: inputenc 2021/02/14 v1.3d Input encoding file
\inpenc@prehook=\toks16
\inpenc@posthook=\toks17
)
(C:\Users\MAISSORO Hassan\AppData\Local\Programs\MiKTeX\tex/generic/babel\babel
.sty
Package: babel 2022/10/23 3.82 The Babel package
\babel@savecnt=\count193
\U@D=\dimen139
\l@unhyphenated=\language84

(C:\Users\MAISSORO Hassan\AppData\Local\Programs\MiKTeX\tex/generic/babel\txtba
bel.def)
\bbl@readstream=\read2
\bbl@dirlevel=\count194

*************************************
* Local config file bblopts.cfg used
*

(C:\Users\MAISSORO Hassan\AppData\Local\Programs\MiKTeX\tex/latex/arabi\bblopts
.cfg
File: bblopts.cfg 2005/09/08 v0.1 add Arabic and Farsi to "declared" options of
 babel
)
(C:\Users\MAISSORO Hassan\AppData\Local\Programs\MiKTeX\tex/latex/babel-english
\english.ldf
Language: english 2017/06/06 v3.3r English support from the babel system
Package babel Info: Hyphen rules for 'canadian' set to \l@english
(babel)             (\language0). Reported on input line 102.
Package babel Info: Hyphen rules for 'australian' set to \l@ukenglish
(babel)             (\language78). Reported on input line 105.
Package babel Info: Hyphen rules for 'newzealand' set to \l@ukenglish
(babel)             (\language78). Reported on input line 108.
))
(C:\Users\MAISSORO Hassan\AppData\Local\Programs\MiKTeX\tex/generic/babel/local
e/en\babel-english.tex
Package babel Info: Importing font and identification data for english
(babel)             from babel-en.ini. Reported on input line 11.
)
(C:\Users\MAISSORO Hassan\AppData\Local\Programs\MiKTeX\tex/latex/geometry\geom
etry.sty
Package: geometry 2020/01/02 v5.9 Page Geometry

(C:\Users\MAISSORO Hassan\AppData\Local\Programs\MiKTeX\tex/latex/graphics\keyv
al.sty
Package: keyval 2022/05/29 v1.15 key=value parser (DPC)
\KV@toks@=\toks18
)
(C:\Users\MAISSORO Hassan\AppData\Local\Programs\MiKTeX\tex/generic/iftex\ifvte
x.sty
Package: ifvtex 2019/10/25 v1.7 ifvtex legacy package. Use iftex instead.

(C:\Users\MAISSORO Hassan\AppData\Local\Programs\MiKTeX\tex/generic/iftex\iftex
.sty
Package: iftex 2022/02/03 v1.0f TeX engine tests
))
\Gm@cnth=\count195
\Gm@cntv=\count196
\c@Gm@tempcnt=\count197
\Gm@bindingoffset=\dimen140
\Gm@wd@mp=\dimen141
\Gm@odd@mp=\dimen142
\Gm@even@mp=\dimen143
\Gm@layoutwidth=\dimen144
\Gm@layoutheight=\dimen145
\Gm@layouthoffset=\dimen146
\Gm@layoutvoffset=\dimen147
\Gm@dimlist=\toks19

(C:\Users\MAISSORO Hassan\AppData\Local\Programs\MiKTeX\tex/latex/geometry\geom
etry.cfg))
(C:\Users\MAISSORO Hassan\AppData\Local\Programs\MiKTeX\tex/latex/siunitx\siuni
tx.sty
Package: siunitx 2022-10-23 v3.1.9 A comprehensive (SI) units package
\l__siunitx_angle_tmp_dim=\dimen148
\l__siunitx_angle_marker_box=\box51
\l__siunitx_angle_unit_box=\box52
\l__siunitx_compound_count_int=\count198

(C:\Users\MAISSORO Hassan\AppData\Local\Programs\MiKTeX\tex/latex/translations\
translations.sty
Package: translations 2022/02/05 v1.12 internationalization of LaTeX2e packages
 (CN)

(C:\Users\MAISSORO Hassan\AppData\Local\Programs\MiKTeX\tex/latex/etoolbox\etoo
lbox.sty
Package: etoolbox 2020/10/05 v2.5k e-TeX tools for LaTeX (JAW)
\etb@tempcnta=\count199
)
(C:\Users\MAISSORO Hassan\AppData\Local\Programs\MiKTeX\tex/generic/pdftexcmds\
pdftexcmds.sty
Package: pdftexcmds 2020-06-27 v0.33 Utility functions of pdfTeX for LuaTeX (HO
)

(C:\Users\MAISSORO Hassan\AppData\Local\Programs\MiKTeX\tex/generic/infwarerr\i
nfwarerr.sty
Package: infwarerr 2019/12/03 v1.5 Providing info/warning/error messages (HO)
)
(C:\Users\MAISSORO Hassan\AppData\Local\Programs\MiKTeX\tex/generic/ltxcmds\ltx
cmds.sty
Package: ltxcmds 2020-05-10 v1.25 LaTeX kernel commands for general use (HO)
)
Package pdftexcmds Info: \pdf@primitive is available.
Package pdftexcmds Info: \pdf@ifprimitive is available.
Package pdftexcmds Info: \pdfdraftmode found.
))
\l__siunitx_number_exponent_fixed_int=\count266
\l__siunitx_number_min_decimal_int=\count267
\l__siunitx_number_min_integer_int=\count268
\l__siunitx_number_round_precision_int=\count269
\l__siunitx_number_group_first_int=\count270
\l__siunitx_number_group_size_int=\count271
\l__siunitx_number_group_minimum_int=\count272

(C:\Users\MAISSORO Hassan\AppData\Local\Programs\MiKTeX\tex/latex/amsmath\amste
xt.sty
Package: amstext 2021/08/26 v2.01 AMS text

(C:\Users\MAISSORO Hassan\AppData\Local\Programs\MiKTeX\tex/latex/amsmath\amsge
n.sty
File: amsgen.sty 1999/11/30 v2.0 generic functions
\@emptytoks=\toks20
\ex@=\dimen149
))
\l__siunitx_table_tmp_box=\box53
\l__siunitx_table_tmp_dim=\dimen150
\l__siunitx_table_column_width_dim=\dimen151
\l__siunitx_table_integer_box=\box54
\l__siunitx_table_decimal_box=\box55
\l__siunitx_table_before_box=\box56
\l__siunitx_table_after_box=\box57
\l__siunitx_table_before_dim=\dimen152
\l__siunitx_table_carry_dim=\dimen153
\l__siunitx_unit_tmp_int=\count273
\l__siunitx_unit_position_int=\count274
\l__siunitx_unit_total_int=\count275

(C:\Users\MAISSORO Hassan\AppData\Local\Programs\MiKTeX\tex/latex/tools\array.s
ty
Package: array 2022/03/10 v2.5f Tabular extension package (FMi)
\col@sep=\dimen154
\ar@mcellbox=\box58
\extrarowheight=\dimen155
\NC@list=\toks21
\extratabsurround=\skip49
\backup@length=\skip50
\ar@cellbox=\box59
))
(C:\Users\MAISSORO Hassan\AppData\Local\Programs\MiKTeX\tex/latex/amscls\amsthm
.sty
Package: amsthm 2020/05/29 v2.20.6
\thm@style=\toks22
\thm@bodyfont=\toks23
\thm@headfont=\toks24
\thm@notefont=\toks25
\thm@headpunct=\toks26
\thm@preskip=\skip51
\thm@postskip=\skip52
\thm@headsep=\skip53
\dth@everypar=\toks27
)
(C:\Users\MAISSORO Hassan\AppData\Local\Programs\MiKTeX\tex/latex/amsmath\amsma
th.sty
Package: amsmath 2022/04/08 v2.17n AMS math features
\@mathmargin=\skip54

For additional information on amsmath, use the `?' option.

(C:\Users\MAISSORO Hassan\AppData\Local\Programs\MiKTeX\tex/latex/amsmath\amsbs
y.sty
Package: amsbsy 1999/11/29 v1.2d Bold Symbols
\pmbraise@=\dimen156
)
(C:\Users\MAISSORO Hassan\AppData\Local\Programs\MiKTeX\tex/latex/amsmath\amsop
n.sty
Package: amsopn 2022/04/08 v2.04 operator names
)
\inf@bad=\count276
LaTeX Info: Redefining \frac on input line 234.
\uproot@=\count277
\leftroot@=\count278
LaTeX Info: Redefining \overline on input line 399.
LaTeX Info: Redefining \colon on input line 410.
\classnum@=\count279
\DOTSCASE@=\count280
LaTeX Info: Redefining \ldots on input line 496.
LaTeX Info: Redefining \dots on input line 499.
LaTeX Info: Redefining \cdots on input line 620.
\Mathstrutbox@=\box60
\strutbox@=\box61
LaTeX Info: Redefining \big on input line 722.
LaTeX Info: Redefining \Big on input line 723.
LaTeX Info: Redefining \bigg on input line 724.
LaTeX Info: Redefining \Bigg on input line 725.
\big@size=\dimen157
LaTeX Font Info:    Redeclaring font encoding OML on input line 743.
LaTeX Font Info:    Redeclaring font encoding OMS on input line 744.
\macc@depth=\count281
LaTeX Info: Redefining \bmod on input line 905.
LaTeX Info: Redefining \pmod on input line 910.
LaTeX Info: Redefining \smash on input line 940.
LaTeX Info: Redefining \relbar on input line 970.
LaTeX Info: Redefining \Relbar on input line 971.
\c@MaxMatrixCols=\count282
\dotsspace@=\muskip16
\c@parentequation=\count283
\dspbrk@lvl=\count284
\tag@help=\toks28
\row@=\count285
\column@=\count286
\maxfields@=\count287
\andhelp@=\toks29
\eqnshift@=\dimen158
\alignsep@=\dimen159
\tagshift@=\dimen160
\tagwidth@=\dimen161
\totwidth@=\dimen162
\lineht@=\dimen163
\@envbody=\toks30
\multlinegap=\skip55
\multlinetaggap=\skip56
\mathdisplay@stack=\toks31
LaTeX Info: Redefining \[ on input line 2953.
LaTeX Info: Redefining \] on input line 2954.
)
(C:\Users\MAISSORO Hassan\AppData\Local\Programs\MiKTeX\tex/latex/amsfonts\amsf
onts.sty
Package: amsfonts 2013/01/14 v3.01 Basic AMSFonts support
\symAMSa=\mathgroup4
\symAMSb=\mathgroup5
LaTeX Font Info:    Redeclaring math symbol \hbar on input line 98.
LaTeX Font Info:    Overwriting math alphabet `\mathfrak' in version `bold'
(Font)                  U/euf/m/n --> U/euf/b/n on input line 106.
)
(C:\Users\MAISSORO Hassan\AppData\Local\Programs\MiKTeX\tex/latex/amsfonts\amss
ymb.sty
Package: amssymb 2013/01/14 v3.01 AMS font symbols
)
(C:\Users\MAISSORO Hassan\AppData\Local\Programs\MiKTeX\tex/latex/mathtools\mat
htools.sty
Package: mathtools 2022/06/29 v1.29 mathematical typesetting tools

(C:\Users\MAISSORO Hassan\AppData\Local\Programs\MiKTeX\tex/latex/tools\calc.st
y
Package: calc 2017/05/25 v4.3 Infix arithmetic (KKT,FJ)
\calc@Acount=\count288
\calc@Bcount=\count289
\calc@Adimen=\dimen164
\calc@Bdimen=\dimen165
\calc@Askip=\skip57
\calc@Bskip=\skip58
LaTeX Info: Redefining \setlength on input line 80.
LaTeX Info: Redefining \addtolength on input line 81.
\calc@Ccount=\count290
\calc@Cskip=\skip59
)
(C:\Users\MAISSORO Hassan\AppData\Local\Programs\MiKTeX\tex/latex/mathtools\mhs
etup.sty
Package: mhsetup 2021/03/18 v1.4 programming setup (MH)
)
\g_MT_multlinerow_int=\count291
\l_MT_multwidth_dim=\dimen166
\origjot=\skip60
\l_MT_shortvdotswithinadjustabove_dim=\dimen167
\l_MT_shortvdotswithinadjustbelow_dim=\dimen168
\l_MT_above_intertext_sep=\dimen169
\l_MT_below_intertext_sep=\dimen170
\l_MT_above_shortintertext_sep=\dimen171
\l_MT_below_shortintertext_sep=\dimen172
\xmathstrut@box=\box62
\xmathstrut@dim=\dimen173
)
(C:\Users\MAISSORO Hassan\AppData\Local\Programs\MiKTeX\tex/latex/graphics\grap
hicx.sty
Package: graphicx 2021/09/16 v1.2d Enhanced LaTeX Graphics (DPC,SPQR)

(C:\Users\MAISSORO Hassan\AppData\Local\Programs\MiKTeX\tex/latex/graphics\grap
hics.sty
Package: graphics 2022/03/10 v1.4e Standard LaTeX Graphics (DPC,SPQR)

(C:\Users\MAISSORO Hassan\AppData\Local\Programs\MiKTeX\tex/latex/graphics\trig
.sty
Package: trig 2021/08/11 v1.11 sin cos tan (DPC)
)
(C:\Users\MAISSORO Hassan\AppData\Local\Programs\MiKTeX\tex/latex/graphics-cfg\
graphics.cfg
File: graphics.cfg 2016/06/04 v1.11 sample graphics configuration
)
Package graphics Info: Driver file: pdftex.def on input line 107.

(C:\Users\MAISSORO Hassan\AppData\Local\Programs\MiKTeX\tex/latex/graphics-def\
pdftex.def
File: pdftex.def 2022/09/22 v1.2b Graphics/color driver for pdftex
\stockwidth=\dimen174
\stockheight=\dimen175
))
\Gin@req@height=\dimen176
\Gin@req@width=\dimen177
)
(C:\Users\MAISSORO Hassan\AppData\Local\Programs\MiKTeX\tex/latex/hyperref\hype
rref.sty
Package: hyperref 2022-09-22 v7.00t Hypertext links for LaTeX

(C:\Users\MAISSORO Hassan\AppData\Local\Programs\MiKTeX\tex/latex/kvsetkeys\kvs
etkeys.sty
Package: kvsetkeys 2022-10-05 v1.19 Key value parser (HO)
)
(C:\Users\MAISSORO Hassan\AppData\Local\Programs\MiKTeX\tex/generic/kvdefinekey
s\kvdefinekeys.sty
Package: kvdefinekeys 2019-12-19 v1.6 Define keys (HO)
)
(C:\Users\MAISSORO Hassan\AppData\Local\Programs\MiKTeX\tex/generic/pdfescape\p
dfescape.sty
Package: pdfescape 2019/12/09 v1.15 Implements pdfTeX's escape features (HO)
)
(C:\Users\MAISSORO Hassan\AppData\Local\Programs\MiKTeX\tex/latex/hycolor\hycol
or.sty
Package: hycolor 2020-01-27 v1.10 Color options for hyperref/bookmark (HO)
)
(C:\Users\MAISSORO Hassan\AppData\Local\Programs\MiKTeX\tex/latex/letltxmacro\l
etltxmacro.sty
Package: letltxmacro 2019/12/03 v1.6 Let assignment for LaTeX macros (HO)
)
(C:\Users\MAISSORO Hassan\AppData\Local\Programs\MiKTeX\tex/latex/auxhook\auxho
ok.sty
Package: auxhook 2019-12-17 v1.6 Hooks for auxiliary files (HO)
)
(C:\Users\MAISSORO Hassan\AppData\Local\Programs\MiKTeX\tex/latex/hyperref\name
ref.sty
Package: nameref 2022-05-17 v2.50 Cross-referencing by name of section

(C:\Users\MAISSORO Hassan\AppData\Local\Programs\MiKTeX\tex/latex/refcount\refc
ount.sty
Package: refcount 2019/12/15 v3.6 Data extraction from label references (HO)
)
(C:\Users\MAISSORO Hassan\AppData\Local\Programs\MiKTeX\tex/generic/gettitlestr
ing\gettitlestring.sty
Package: gettitlestring 2019/12/15 v1.6 Cleanup title references (HO)

(C:\Users\MAISSORO Hassan\AppData\Local\Programs\MiKTeX\tex/latex/kvoptions\kvo
ptions.sty
Package: kvoptions 2022-06-15 v3.15 Key value format for package options (HO)
))
\c@section@level=\count292
)
\@linkdim=\dimen178
\Hy@linkcounter=\count293
\Hy@pagecounter=\count294

(C:\Users\MAISSORO Hassan\AppData\Local\Programs\MiKTeX\tex/latex/hyperref\pd1e
nc.def
File: pd1enc.def 2022-09-22 v7.00t Hyperref: PDFDocEncoding definition (HO)
Now handling font encoding PD1 ...
... no UTF-8 mapping file for font encoding PD1
)
(C:\Users\MAISSORO Hassan\AppData\Local\Programs\MiKTeX\tex/generic/intcalc\int
calc.sty
Package: intcalc 2019/12/15 v1.3 Expandable calculations with integers (HO)
)
(C:\Users\MAISSORO Hassan\AppData\Local\Programs\MiKTeX\tex/generic/etexcmds\et
excmds.sty
Package: etexcmds 2019/12/15 v1.7 Avoid name clashes with e-TeX commands (HO)
)
\Hy@SavedSpaceFactor=\count295

(C:\Users\MAISSORO Hassan\AppData\Local\Programs\MiKTeX\tex/latex/hyperref\puen
c.def
File: puenc.def 2022-09-22 v7.00t Hyperref: PDF Unicode definition (HO)
Now handling font encoding PU ...
... no UTF-8 mapping file for font encoding PU
)
Package hyperref Info: Option `colorlinks' set `true' on input line 4045.
Package hyperref Info: Hyper figures OFF on input line 4162.
Package hyperref Info: Link nesting OFF on input line 4167.
Package hyperref Info: Hyper index ON on input line 4170.
Package hyperref Info: Plain pages OFF on input line 4177.
Package hyperref Info: Backreferencing OFF on input line 4182.
Package hyperref Info: Implicit mode ON; LaTeX internals redefined.
Package hyperref Info: Bookmarks ON on input line 4410.
\c@Hy@tempcnt=\count296

(C:\Users\MAISSORO Hassan\AppData\Local\Programs\MiKTeX\tex/latex/url\url.sty
\Urlmuskip=\muskip17
Package: url 2013/09/16  ver 3.4  Verb mode for urls, etc.
)
LaTeX Info: Redefining \url on input line 4748.
\XeTeXLinkMargin=\dimen179

(C:\Users\MAISSORO Hassan\AppData\Local\Programs\MiKTeX\tex/generic/bitset\bits
et.sty
Package: bitset 2019/12/09 v1.3 Handle bit-vector datatype (HO)

(C:\Users\MAISSORO Hassan\AppData\Local\Programs\MiKTeX\tex/generic/bigintcalc\
bigintcalc.sty
Package: bigintcalc 2019/12/15 v1.5 Expandable calculations on big integers (HO
)
))
\Fld@menulength=\count297
\Field@Width=\dimen180
\Fld@charsize=\dimen181
Package hyperref Info: Hyper figures OFF on input line 6027.
Package hyperref Info: Link nesting OFF on input line 6032.
Package hyperref Info: Hyper index ON on input line 6035.
Package hyperref Info: backreferencing OFF on input line 6042.
Package hyperref Info: Link coloring ON on input line 6045.
Package hyperref Info: Link coloring with OCG OFF on input line 6052.
Package hyperref Info: PDF/A mode OFF on input line 6057.

(C:\Users\MAISSORO Hassan\AppData\Local\Programs\MiKTeX\tex/latex/base\atbegshi
-ltx.sty
Package: atbegshi-ltx 2021/01/10 v1.0c Emulation of the original atbegshi
package with kernel methods
)
\Hy@abspage=\count298
\c@Item=\count299
\c@Hfootnote=\count300
)
Package hyperref Info: Driver (autodetected): hpdftex.

(C:\Users\MAISSORO Hassan\AppData\Local\Programs\MiKTeX\tex/latex/hyperref\hpdf
tex.def
File: hpdftex.def 2022-09-22 v7.00t Hyperref driver for pdfTeX

(C:\Users\MAISSORO Hassan\AppData\Local\Programs\MiKTeX\tex/latex/base\atveryen
d-ltx.sty
Package: atveryend-ltx 2020/08/19 v1.0a Emulation of the original atveryend pac
kage
with kernel methods
)
\Fld@listcount=\count301
\c@bookmark@seq@number=\count302

(C:\Users\MAISSORO Hassan\AppData\Local\Programs\MiKTeX\tex/latex/rerunfilechec
k\rerunfilecheck.sty
Package: rerunfilecheck 2022-07-10 v1.10 Rerun checks for auxiliary files (HO)

(C:\Users\MAISSORO Hassan\AppData\Local\Programs\MiKTeX\tex/generic/uniquecount
er\uniquecounter.sty
Package: uniquecounter 2019/12/15 v1.4 Provide unlimited unique counter (HO)
)
Package uniquecounter Info: New unique counter `rerunfilecheck' on input line 2
85.
)
\Hy@SectionHShift=\skip61
)
(C:\Users\MAISSORO Hassan\AppData\Local\Programs\MiKTeX\tex/latex/xcolor\xcolor
.sty
Package: xcolor 2022/06/12 v2.14 LaTeX color extensions (UK)

(C:\Users\MAISSORO Hassan\AppData\Local\Programs\MiKTeX\tex/latex/graphics-cfg\
color.cfg
File: color.cfg 2016/01/02 v1.6 sample color configuration
)
Package xcolor Info: Driver file: pdftex.def on input line 227.

(C:\Users\MAISSORO Hassan\AppData\Local\Programs\MiKTeX\tex/latex/graphics\math
color.ltx)
Package xcolor Info: Model `cmy' substituted by `cmy0' on input line 1353.
Package xcolor Info: Model `hsb' substituted by `rgb' on input line 1357.
Package xcolor Info: Model `RGB' extended on input line 1369.
Package xcolor Info: Model `HTML' substituted by `rgb' on input line 1371.
Package xcolor Info: Model `Hsb' substituted by `hsb' on input line 1372.
Package xcolor Info: Model `tHsb' substituted by `hsb' on input line 1373.
Package xcolor Info: Model `HSB' substituted by `hsb' on input line 1374.
Package xcolor Info: Model `Gray' substituted by `gray' on input line 1375.
Package xcolor Info: Model `wave' substituted by `hsb' on input line 1376.
)
(C:\Users\MAISSORO Hassan\AppData\Local\Programs\MiKTeX\tex/latex/pgf/frontendl
ayer\tikz.sty
(C:\Users\MAISSORO Hassan\AppData\Local\Programs\MiKTeX\tex/latex/pgf/basiclaye
r\pgf.sty
(C:\Users\MAISSORO Hassan\AppData\Local\Programs\MiKTeX\tex/latex/pgf/utilities
\pgfrcs.sty
(C:\Users\MAISSORO Hassan\AppData\Local\Programs\MiKTeX\tex/generic/pgf/utiliti
es\pgfutil-common.tex
\pgfutil@everybye=\toks32
\pgfutil@tempdima=\dimen182
\pgfutil@tempdimb=\dimen183

(C:\Users\MAISSORO Hassan\AppData\Local\Programs\MiKTeX\tex/generic/pgf/utiliti
es\pgfutil-common-lists.tex))
(C:\Users\MAISSORO Hassan\AppData\Local\Programs\MiKTeX\tex/generic/pgf/utiliti
es\pgfutil-latex.def
\pgfutil@abb=\box63
)
(C:\Users\MAISSORO Hassan\AppData\Local\Programs\MiKTeX\tex/generic/pgf/utiliti
es\pgfrcs.code.tex
(C:\Users\MAISSORO Hassan\AppData\Local\Programs\MiKTeX\tex/generic/pgf\pgf.rev
ision.tex)
Package: pgfrcs 2021/05/15 v3.1.9a (3.1.9a)
))
Package: pgf 2021/05/15 v3.1.9a (3.1.9a)

(C:\Users\MAISSORO Hassan\AppData\Local\Programs\MiKTeX\tex/latex/pgf/basiclaye
r\pgfcore.sty
(C:\Users\MAISSORO Hassan\AppData\Local\Programs\MiKTeX\tex/latex/pgf/systemlay
er\pgfsys.sty
(C:\Users\MAISSORO Hassan\AppData\Local\Programs\MiKTeX\tex/generic/pgf/systeml
ayer\pgfsys.code.tex
Package: pgfsys 2021/05/15 v3.1.9a (3.1.9a)

(C:\Users\MAISSORO Hassan\AppData\Local\Programs\MiKTeX\tex/generic/pgf/utiliti
es\pgfkeys.code.tex
\pgfkeys@pathtoks=\toks33
\pgfkeys@temptoks=\toks34

(C:\Users\MAISSORO Hassan\AppData\Local\Programs\MiKTeX\tex/generic/pgf/utiliti
es\pgfkeysfiltered.code.tex
\pgfkeys@tmptoks=\toks35
))
\pgf@x=\dimen184
\pgf@y=\dimen185
\pgf@xa=\dimen186
\pgf@ya=\dimen187
\pgf@xb=\dimen188
\pgf@yb=\dimen189
\pgf@xc=\dimen190
\pgf@yc=\dimen191
\pgf@xd=\dimen192
\pgf@yd=\dimen193
\w@pgf@writea=\write3
\r@pgf@reada=\read3
\c@pgf@counta=\count303
\c@pgf@countb=\count304
\c@pgf@countc=\count305
\c@pgf@countd=\count306
\t@pgf@toka=\toks36
\t@pgf@tokb=\toks37
\t@pgf@tokc=\toks38
\pgf@sys@id@count=\count307

(C:\Users\MAISSORO Hassan\AppData\Local\Programs\MiKTeX\tex/generic/pgf/systeml
ayer\pgf.cfg
File: pgf.cfg 2021/05/15 v3.1.9a (3.1.9a)
)
Driver file for pgf: pgfsys-pdftex.def

(C:\Users\MAISSORO Hassan\AppData\Local\Programs\MiKTeX\tex/generic/pgf/systeml
ayer\pgfsys-pdftex.def
File: pgfsys-pdftex.def 2021/05/15 v3.1.9a (3.1.9a)

(C:\Users\MAISSORO Hassan\AppData\Local\Programs\MiKTeX\tex/generic/pgf/systeml
ayer\pgfsys-common-pdf.def
File: pgfsys-common-pdf.def 2021/05/15 v3.1.9a (3.1.9a)
)))
(C:\Users\MAISSORO Hassan\AppData\Local\Programs\MiKTeX\tex/generic/pgf/systeml
ayer\pgfsyssoftpath.code.tex
File: pgfsyssoftpath.code.tex 2021/05/15 v3.1.9a (3.1.9a)
\pgfsyssoftpath@smallbuffer@items=\count308
\pgfsyssoftpath@bigbuffer@items=\count309
)
(C:\Users\MAISSORO Hassan\AppData\Local\Programs\MiKTeX\tex/generic/pgf/systeml
ayer\pgfsysprotocol.code.tex
File: pgfsysprotocol.code.tex 2021/05/15 v3.1.9a (3.1.9a)
))
(C:\Users\MAISSORO Hassan\AppData\Local\Programs\MiKTeX\tex/generic/pgf/basicla
yer\pgfcore.code.tex
Package: pgfcore 2021/05/15 v3.1.9a (3.1.9a)

(C:\Users\MAISSORO Hassan\AppData\Local\Programs\MiKTeX\tex/generic/pgf/math\pg
fmath.code.tex
(C:\Users\MAISSORO Hassan\AppData\Local\Programs\MiKTeX\tex/generic/pgf/math\pg
fmathcalc.code.tex
(C:\Users\MAISSORO Hassan\AppData\Local\Programs\MiKTeX\tex/generic/pgf/math\pg
fmathutil.code.tex)
(C:\Users\MAISSORO Hassan\AppData\Local\Programs\MiKTeX\tex/generic/pgf/math\pg
fmathparser.code.tex
\pgfmath@dimen=\dimen194
\pgfmath@count=\count310
\pgfmath@box=\box64
\pgfmath@toks=\toks39
\pgfmath@stack@operand=\toks40
\pgfmath@stack@operation=\toks41
)
(C:\Users\MAISSORO Hassan\AppData\Local\Programs\MiKTeX\tex/generic/pgf/math\pg
fmathfunctions.code.tex
(C:\Users\MAISSORO Hassan\AppData\Local\Programs\MiKTeX\tex/generic/pgf/math\pg
fmathfunctions.basic.code.tex)
(C:\Users\MAISSORO Hassan\AppData\Local\Programs\MiKTeX\tex/generic/pgf/math\pg
fmathfunctions.trigonometric.code.tex)
(C:\Users\MAISSORO Hassan\AppData\Local\Programs\MiKTeX\tex/generic/pgf/math\pg
fmathfunctions.random.code.tex)
(C:\Users\MAISSORO Hassan\AppData\Local\Programs\MiKTeX\tex/generic/pgf/math\pg
fmathfunctions.comparison.code.tex)
(C:\Users\MAISSORO Hassan\AppData\Local\Programs\MiKTeX\tex/generic/pgf/math\pg
fmathfunctions.base.code.tex)
(C:\Users\MAISSORO Hassan\AppData\Local\Programs\MiKTeX\tex/generic/pgf/math\pg
fmathfunctions.round.code.tex)
(C:\Users\MAISSORO Hassan\AppData\Local\Programs\MiKTeX\tex/generic/pgf/math\pg
fmathfunctions.misc.code.tex)
(C:\Users\MAISSORO Hassan\AppData\Local\Programs\MiKTeX\tex/generic/pgf/math\pg
fmathfunctions.integerarithmetics.code.tex)))
(C:\Users\MAISSORO Hassan\AppData\Local\Programs\MiKTeX\tex/generic/pgf/math\pg
fmathfloat.code.tex
\c@pgfmathroundto@lastzeros=\count311
))
(C:\Users\MAISSORO Hassan\AppData\Local\Programs\MiKTeX\tex/generic/pgf/math\pg
fint.code.tex)
(C:\Users\MAISSORO Hassan\AppData\Local\Programs\MiKTeX\tex/generic/pgf/basicla
yer\pgfcorepoints.code.tex
File: pgfcorepoints.code.tex 2021/05/15 v3.1.9a (3.1.9a)
\pgf@picminx=\dimen195
\pgf@picmaxx=\dimen196
\pgf@picminy=\dimen197
\pgf@picmaxy=\dimen198
\pgf@pathminx=\dimen199
\pgf@pathmaxx=\dimen256
\pgf@pathminy=\dimen257
\pgf@pathmaxy=\dimen258
\pgf@xx=\dimen259
\pgf@xy=\dimen260
\pgf@yx=\dimen261
\pgf@yy=\dimen262
\pgf@zx=\dimen263
\pgf@zy=\dimen264
)
(C:\Users\MAISSORO Hassan\AppData\Local\Programs\MiKTeX\tex/generic/pgf/basicla
yer\pgfcorepathconstruct.code.tex
File: pgfcorepathconstruct.code.tex 2021/05/15 v3.1.9a (3.1.9a)
\pgf@path@lastx=\dimen265
\pgf@path@lasty=\dimen266
)
(C:\Users\MAISSORO Hassan\AppData\Local\Programs\MiKTeX\tex/generic/pgf/basicla
yer\pgfcorepathusage.code.tex
File: pgfcorepathusage.code.tex 2021/05/15 v3.1.9a (3.1.9a)
\pgf@shorten@end@additional=\dimen267
\pgf@shorten@start@additional=\dimen268
)
(C:\Users\MAISSORO Hassan\AppData\Local\Programs\MiKTeX\tex/generic/pgf/basicla
yer\pgfcorescopes.code.tex
File: pgfcorescopes.code.tex 2021/05/15 v3.1.9a (3.1.9a)
\pgfpic=\box65
\pgf@hbox=\box66
\pgf@layerbox@main=\box67
\pgf@picture@serial@count=\count312
)
(C:\Users\MAISSORO Hassan\AppData\Local\Programs\MiKTeX\tex/generic/pgf/basicla
yer\pgfcoregraphicstate.code.tex
File: pgfcoregraphicstate.code.tex 2021/05/15 v3.1.9a (3.1.9a)
\pgflinewidth=\dimen269
)
(C:\Users\MAISSORO Hassan\AppData\Local\Programs\MiKTeX\tex/generic/pgf/basicla
yer\pgfcoretransformations.code.tex
File: pgfcoretransformations.code.tex 2021/05/15 v3.1.9a (3.1.9a)
\pgf@pt@x=\dimen270
\pgf@pt@y=\dimen271
\pgf@pt@temp=\dimen272
)
(C:\Users\MAISSORO Hassan\AppData\Local\Programs\MiKTeX\tex/generic/pgf/basicla
yer\pgfcorequick.code.tex
File: pgfcorequick.code.tex 2021/05/15 v3.1.9a (3.1.9a)
)
(C:\Users\MAISSORO Hassan\AppData\Local\Programs\MiKTeX\tex/generic/pgf/basicla
yer\pgfcoreobjects.code.tex
File: pgfcoreobjects.code.tex 2021/05/15 v3.1.9a (3.1.9a)
)
(C:\Users\MAISSORO Hassan\AppData\Local\Programs\MiKTeX\tex/generic/pgf/basicla
yer\pgfcorepathprocessing.code.tex
File: pgfcorepathprocessing.code.tex 2021/05/15 v3.1.9a (3.1.9a)
)
(C:\Users\MAISSORO Hassan\AppData\Local\Programs\MiKTeX\tex/generic/pgf/basicla
yer\pgfcorearrows.code.tex
File: pgfcorearrows.code.tex 2021/05/15 v3.1.9a (3.1.9a)
\pgfarrowsep=\dimen273
)
(C:\Users\MAISSORO Hassan\AppData\Local\Programs\MiKTeX\tex/generic/pgf/basicla
yer\pgfcoreshade.code.tex
File: pgfcoreshade.code.tex 2021/05/15 v3.1.9a (3.1.9a)
\pgf@max=\dimen274
\pgf@sys@shading@range@num=\count313
\pgf@shadingcount=\count314
)
(C:\Users\MAISSORO Hassan\AppData\Local\Programs\MiKTeX\tex/generic/pgf/basicla
yer\pgfcoreimage.code.tex
File: pgfcoreimage.code.tex 2021/05/15 v3.1.9a (3.1.9a)

(C:\Users\MAISSORO Hassan\AppData\Local\Programs\MiKTeX\tex/generic/pgf/basicla
yer\pgfcoreexternal.code.tex
File: pgfcoreexternal.code.tex 2021/05/15 v3.1.9a (3.1.9a)
\pgfexternal@startupbox=\box68
))
(C:\Users\MAISSORO Hassan\AppData\Local\Programs\MiKTeX\tex/generic/pgf/basicla
yer\pgfcorelayers.code.tex
File: pgfcorelayers.code.tex 2021/05/15 v3.1.9a (3.1.9a)
)
(C:\Users\MAISSORO Hassan\AppData\Local\Programs\MiKTeX\tex/generic/pgf/basicla
yer\pgfcoretransparency.code.tex
File: pgfcoretransparency.code.tex 2021/05/15 v3.1.9a (3.1.9a)
)
(C:\Users\MAISSORO Hassan\AppData\Local\Programs\MiKTeX\tex/generic/pgf/basicla
yer\pgfcorepatterns.code.tex
File: pgfcorepatterns.code.tex 2021/05/15 v3.1.9a (3.1.9a)
)
(C:\Users\MAISSORO Hassan\AppData\Local\Programs\MiKTeX\tex/generic/pgf/basicla
yer\pgfcorerdf.code.tex
File: pgfcorerdf.code.tex 2021/05/15 v3.1.9a (3.1.9a)
)))
(C:\Users\MAISSORO Hassan\AppData\Local\Programs\MiKTeX\tex/generic/pgf/modules
\pgfmoduleshapes.code.tex
File: pgfmoduleshapes.code.tex 2021/05/15 v3.1.9a (3.1.9a)
\pgfnodeparttextbox=\box69
)
(C:\Users\MAISSORO Hassan\AppData\Local\Programs\MiKTeX\tex/generic/pgf/modules
\pgfmoduleplot.code.tex
File: pgfmoduleplot.code.tex 2021/05/15 v3.1.9a (3.1.9a)
)
(C:\Users\MAISSORO Hassan\AppData\Local\Programs\MiKTeX\tex/latex/pgf/compatibi
lity\pgfcomp-version-0-65.sty
Package: pgfcomp-version-0-65 2021/05/15 v3.1.9a (3.1.9a)
\pgf@nodesepstart=\dimen275
\pgf@nodesepend=\dimen276
)
(C:\Users\MAISSORO Hassan\AppData\Local\Programs\MiKTeX\tex/latex/pgf/compatibi
lity\pgfcomp-version-1-18.sty
Package: pgfcomp-version-1-18 2021/05/15 v3.1.9a (3.1.9a)
))
(C:\Users\MAISSORO Hassan\AppData\Local\Programs\MiKTeX\tex/latex/pgf/utilities
\pgffor.sty
(C:\Users\MAISSORO Hassan\AppData\Local\Programs\MiKTeX\tex/latex/pgf/utilities
\pgfkeys.sty
(C:\Users\MAISSORO Hassan\AppData\Local\Programs\MiKTeX\tex/generic/pgf/utiliti
es\pgfkeys.code.tex))
(C:\Users\MAISSORO Hassan\AppData\Local\Programs\MiKTeX\tex/latex/pgf/math\pgfm
ath.sty
(C:\Users\MAISSORO Hassan\AppData\Local\Programs\MiKTeX\tex/generic/pgf/math\pg
fmath.code.tex))
(C:\Users\MAISSORO Hassan\AppData\Local\Programs\MiKTeX\tex/generic/pgf/utiliti
es\pgffor.code.tex
Package: pgffor 2021/05/15 v3.1.9a (3.1.9a)

(C:\Users\MAISSORO Hassan\AppData\Local\Programs\MiKTeX\tex/generic/pgf/math\pg
fmath.code.tex)
\pgffor@iter=\dimen277
\pgffor@skip=\dimen278
\pgffor@stack=\toks42
\pgffor@toks=\toks43
))
(C:\Users\MAISSORO Hassan\AppData\Local\Programs\MiKTeX\tex/generic/pgf/fronten
dlayer/tikz\tikz.code.tex
Package: tikz 2021/05/15 v3.1.9a (3.1.9a)

(C:\Users\MAISSORO Hassan\AppData\Local\Programs\MiKTeX\tex/generic/pgf/librari
es\pgflibraryplothandlers.code.tex
File: pgflibraryplothandlers.code.tex 2021/05/15 v3.1.9a (3.1.9a)
\pgf@plot@mark@count=\count315
\pgfplotmarksize=\dimen279
)
\tikz@lastx=\dimen280
\tikz@lasty=\dimen281
\tikz@lastxsaved=\dimen282
\tikz@lastysaved=\dimen283
\tikz@lastmovetox=\dimen284
\tikz@lastmovetoy=\dimen285
\tikzleveldistance=\dimen286
\tikzsiblingdistance=\dimen287
\tikz@figbox=\box70
\tikz@figbox@bg=\box71
\tikz@tempbox=\box72
\tikz@tempbox@bg=\box73
\tikztreelevel=\count316
\tikznumberofchildren=\count317
\tikznumberofcurrentchild=\count318
\tikz@fig@count=\count319

(C:\Users\MAISSORO Hassan\AppData\Local\Programs\MiKTeX\tex/generic/pgf/modules
\pgfmodulematrix.code.tex
File: pgfmodulematrix.code.tex 2021/05/15 v3.1.9a (3.1.9a)
\pgfmatrixcurrentrow=\count320
\pgfmatrixcurrentcolumn=\count321
\pgf@matrix@numberofcolumns=\count322
)
\tikz@expandcount=\count323

(C:\Users\MAISSORO Hassan\AppData\Local\Programs\MiKTeX\tex/generic/pgf/fronten
dlayer/tikz/libraries\tikzlibrarytopaths.code.tex
File: tikzlibrarytopaths.code.tex 2021/05/15 v3.1.9a (3.1.9a)
)))
(C:\Users\MAISSORO Hassan\AppData\Local\Programs\MiKTeX\tex/latex/breakurl\brea
kurl.sty
Package: breakurl 2013/04/10 v1.40 Breakable hyperref URLs

(C:\Users\MAISSORO Hassan\AppData\Local\Programs\MiKTeX\tex/latex/xkeyval\xkeyv
al.sty
Package: xkeyval 2022/06/16 v2.9 package option processing (HA)

(C:\Users\MAISSORO Hassan\AppData\Local\Programs\MiKTeX\tex/generic/xkeyval\xke
yval.tex
(C:\Users\MAISSORO Hassan\AppData\Local\Programs\MiKTeX\tex/generic/xkeyval\xkv
utils.tex
\XKV@toks=\toks44
\XKV@tempa@toks=\toks45
)
\XKV@depth=\count324
File: xkeyval.tex 2014/12/03 v2.7a key=value parser (HA)
))
(C:\Users\MAISSORO Hassan\AppData\Local\Programs\MiKTeX\tex/generic/iftex\ifpdf
.sty
Package: ifpdf 2019/10/25 v3.4 ifpdf legacy package. Use iftex instead.
)

Package breakurl Warning: You are using breakurl while processing via pdflatex.

(breakurl)                \burl will be just a synonym of \url.
(breakurl)                 on input line 48.

)
(C:\Users\MAISSORO Hassan\AppData\Local\Programs\MiKTeX\tex/generic/soul\soul.s
ty
Package: soul 2003/11/17 v2.4 letterspacing/underlining (mf)
\SOUL@word=\toks46
\SOUL@lasttoken=\toks47
\SOUL@cmds=\toks48
\SOUL@buffer=\toks49
\SOUL@token=\toks50
\SOUL@spaceskip=\skip62
\SOUL@ttwidth=\dimen288
\SOUL@uldp=\dimen289
\SOUL@ulht=\dimen290
)
(C:\Users\MAISSORO Hassan\AppData\Local\Programs\MiKTeX\tex/latex/algorithm2e\a
lgorithm2e.sty
Package: algorithm2e 2017/07/18 v5.2 algorithms environments
\c@AlgoLine=\count325

(C:\Users\MAISSORO Hassan\AppData\Local\Programs\MiKTeX\tex/latex/base\ifthen.s
ty
Package: ifthen 2022/04/13 v1.1d Standard LaTeX ifthen package (DPC)
)
\algocf@hangindent=\skip63

(C:\Users\MAISSORO Hassan\AppData\Local\Programs\MiKTeX\tex/latex/ifoddpage\ifo
ddpage.sty
Package: ifoddpage 2022/10/18 v1.2 Conditionals for odd/even page detection
\c@checkoddpage=\count326
)
(C:\Users\MAISSORO Hassan\AppData\Local\Programs\MiKTeX\tex/latex/tools\xspace.
sty
Package: xspace 2014/10/28 v1.13 Space after command names (DPC,MH)
)
(C:\Users\MAISSORO Hassan\AppData\Local\Programs\MiKTeX\tex/latex/relsize\relsi
ze.sty
Package: relsize 2013/03/29 ver 4.1
)
\skiptotal=\skip64
\skiplinenumber=\skip65
\skiprule=\skip66
\skiphlne=\skip67
\skiptext=\skip68
\skiplength=\skip69
\algomargin=\skip70
\skipalgocfslide=\skip71
\algowidth=\dimen291
\inoutsize=\dimen292
\inoutindent=\dimen293
\interspacetitleruled=\dimen294
\interspacealgoruled=\dimen295
\interspacetitleboxruled=\dimen296
\algocf@ruledwidth=\skip72
\algocf@inoutbox=\box74
\algocf@inputbox=\box75
\AlCapSkip=\skip73
\AlCapHSkip=\skip74
\algoskipindent=\skip75
\algocf@nlbox=\box76
\algocf@hangingbox=\box77
\algocf@untilbox=\box78
\algocf@skipuntil=\skip76
\algocf@capbox=\box79
\algocf@lcaptionbox=\skip77
\algoheightruledefault=\skip78
\algoheightrule=\skip79
\algotitleheightruledefault=\skip80
\algotitleheightrule=\skip81
\c@algocfline=\count327
\c@algocfproc=\count328
\c@algocf=\count329
\algocf@algoframe=\box80
\algocf@algobox=\box81
)
(C:\Users\MAISSORO Hassan\AppData\Local\Programs\MiKTeX\tex/latex/lipsum\lipsum
.sty
(C:\Users\MAISSORO Hassan\AppData\Local\Programs\MiKTeX\tex/latex/l3packages/l3
keys2e\l3keys2e.sty
(C:\Users\MAISSORO Hassan\AppData\Local\Programs\MiKTeX\tex/latex/l3kernel\expl
3.sty
Package: expl3 2022-10-26 L3 programming layer (loader) 

(C:\Users\MAISSORO Hassan\AppData\Local\Programs\MiKTeX\tex/latex/l3backend\l3b
ackend-pdftex.def
File: l3backend-pdftex.def 2022-10-26 L3 backend support: PDF output (pdfTeX)
\l__color_backend_stack_int=\count330
\l__pdf_internal_box=\box82
))
Package: l3keys2e 2022-06-22 LaTeX2e option processing using LaTeX3 keys
)
Package: lipsum 2021-09-20 v2.7 150 paragraphs of Lorem Ipsum dummy text
\g__lipsum_par_int=\count331
\l__lipsum_a_int=\count332
\l__lipsum_b_int=\count333

(C:\Users\MAISSORO Hassan\AppData\Local\Programs\MiKTeX\tex/latex/lipsum\lipsum
.ltd.tex))
(C:\Users\MAISSORO Hassan\AppData\Local\Programs\MiKTeX\tex/latex/preprint\auth
blk.sty
Package: authblk 2001/02/27 1.3 (PWD)
\affilsep=\skip82
\@affilsep=\skip83
\c@Maxaffil=\count334
\c@authors=\count335
\c@affil=\count336
)
(C:\Users\MAISSORO Hassan\AppData\Local\Programs\MiKTeX\tex/latex/natbib\natbib
.sty
Package: natbib 2010/09/13 8.31b (PWD, AO)
\bibhang=\skip84
\bibsep=\skip85
LaTeX Info: Redefining \cite on input line 694.
\c@NAT@ctr=\count337
)
(C:\Users\MAISSORO Hassan\AppData\Local\Programs\MiKTeX\tex/latex/float\float.s
ty
Package: float 2001/11/08 v1.3d Float enhancements (AL)
\c@float@type=\count338
\float@exts=\toks51
\float@box=\box83
\@float@everytoks=\toks52
\@floatcapt=\box84
)
(C:\Users\MAISSORO Hassan\AppData\Local\Programs\MiKTeX\tex/latex/placeins\plac
eins.sty
Package: placeins 2005/04/18  v 2.2
)
(C:\Users\MAISSORO Hassan\AppData\Local\Programs\MiKTeX\tex/latex/pgfplots\pgfp
lots.sty
(C:\Users\MAISSORO Hassan\AppData\Local\Programs\MiKTeX\tex/generic/pgfplots\pg
fplots.revision.tex)
Package: pgfplots 2021/05/15 v1.18.1 Data Visualization (1.18.1)

(C:\Users\MAISSORO Hassan\AppData\Local\Programs\MiKTeX\tex/generic/pgfplots\pg
fplots.code.tex
(C:\Users\MAISSORO Hassan\AppData\Local\Programs\MiKTeX\tex/generic/pgfplots\pg
fplotscore.code.tex
\t@pgfplots@toka=\toks53
\t@pgfplots@tokb=\toks54
\t@pgfplots@tokc=\toks55
\pgfplots@tmpa=\dimen297
\c@pgfplots@coordindex=\count339
\c@pgfplots@scanlineindex=\count340

(C:\Users\MAISSORO Hassan\AppData\Local\Programs\MiKTeX\tex/generic/pgfplots/sy
s\pgfplotssysgeneric.code.tex))
(C:\Users\MAISSORO Hassan\AppData\Local\Programs\MiKTeX\tex/generic/pgfplots/li
bs\pgfplotslibrary.code.tex)
(C:\Users\MAISSORO Hassan\AppData\Local\Programs\MiKTeX\tex/generic/pgfplots/ol
dpgfcompatib\pgfplotsoldpgfsupp_loader.code.tex
(C:\Users\MAISSORO Hassan\AppData\Local\Programs\MiKTeX\tex/generic/pgf/librari
es\pgflibraryfpu.code.tex))
(C:\Users\MAISSORO Hassan\AppData\Local\Programs\MiKTeX\tex/generic/pgfplots/ut
il\pgfplotsutil.code.tex
(C:\Users\MAISSORO Hassan\AppData\Local\Programs\MiKTeX\tex/generic/pgfplots/li
ststructure\pgfplotsliststructure.code.tex)
(C:\Users\MAISSORO Hassan\AppData\Local\Programs\MiKTeX\tex/generic/pgfplots/li
ststructure\pgfplotsliststructureext.code.tex)
(C:\Users\MAISSORO Hassan\AppData\Local\Programs\MiKTeX\tex/generic/pgfplots/li
ststructure\pgfplotsarray.code.tex
\c@pgfplotsarray@tmp=\count341
)
(C:\Users\MAISSORO Hassan\AppData\Local\Programs\MiKTeX\tex/generic/pgfplots/li
ststructure\pgfplotsmatrix.code.tex)
(C:\Users\MAISSORO Hassan\AppData\Local\Programs\MiKTeX\tex/generic/pgfplots/nu
mtable\pgfplotstableshared.code.tex
\c@pgfplotstable@counta=\count342
\t@pgfplotstable@a=\toks56
)
(C:\Users\MAISSORO Hassan\AppData\Local\Programs\MiKTeX\tex/generic/pgfplots/li
ststructure\pgfplotsdeque.code.tex)
(C:\Users\MAISSORO Hassan\AppData\Local\Programs\MiKTeX\tex/generic/pgfplots/ut
il\pgfplotsbinary.code.tex
(C:\Users\MAISSORO Hassan\AppData\Local\Programs\MiKTeX\tex/generic/pgfplots/ut
il\pgfplotsbinary.data.code.tex))
(C:\Users\MAISSORO Hassan\AppData\Local\Programs\MiKTeX\tex/generic/pgfplots/ut
il\pgfplotsutil.verb.code.tex)
(C:\Users\MAISSORO Hassan\AppData\Local\Programs\MiKTeX\tex/generic/pgfplots/li
bs\pgflibrarypgfplots.surfshading.code.tex
\c@pgfplotslibrarysurf@no=\count343

(C:\Users\MAISSORO Hassan\AppData\Local\Programs\MiKTeX\tex/generic/pgfplots/sy
s\pgflibrarypgfplots.surfshading.pgfsys-pdftex.def)))
(C:\Users\MAISSORO Hassan\AppData\Local\Programs\MiKTeX\tex/generic/pgfplots/ut
il\pgfplotscolormap.code.tex
(C:\Users\MAISSORO Hassan\AppData\Local\Programs\MiKTeX\tex/generic/pgfplots/ut
il\pgfplotscolor.code.tex))
(C:\Users\MAISSORO Hassan\AppData\Local\Programs\MiKTeX\tex/generic/pgfplots\pg
fplotsstackedplots.code.tex)
(C:\Users\MAISSORO Hassan\AppData\Local\Programs\MiKTeX\tex/generic/pgfplots\pg
fplotsplothandlers.code.tex
(C:\Users\MAISSORO Hassan\AppData\Local\Programs\MiKTeX\tex/generic/pgfplots\pg
fplotsmeshplothandler.code.tex
(C:\Users\MAISSORO Hassan\AppData\Local\Programs\MiKTeX\tex/generic/pgfplots\pg
fplotsmeshplotimage.code.tex)))
(C:\Users\MAISSORO Hassan\AppData\Local\Programs\MiKTeX\tex/generic/pgfplots\pg
fplots.scaling.code.tex)
(C:\Users\MAISSORO Hassan\AppData\Local\Programs\MiKTeX\tex/generic/pgfplots\pg
fplotscoordprocessing.code.tex)
(C:\Users\MAISSORO Hassan\AppData\Local\Programs\MiKTeX\tex/generic/pgfplots\pg
fplots.errorbars.code.tex)
(C:\Users\MAISSORO Hassan\AppData\Local\Programs\MiKTeX\tex/generic/pgfplots\pg
fplots.markers.code.tex)
(C:\Users\MAISSORO Hassan\AppData\Local\Programs\MiKTeX\tex/generic/pgfplots\pg
fplotsticks.code.tex)
(C:\Users\MAISSORO Hassan\AppData\Local\Programs\MiKTeX\tex/generic/pgfplots\pg
fplots.paths.code.tex)
(C:\Users\MAISSORO Hassan\AppData\Local\Programs\MiKTeX\tex/generic/pgf/fronten
dlayer/tikz/libraries\tikzlibrarydecorations.code.tex
(C:\Users\MAISSORO Hassan\AppData\Local\Programs\MiKTeX\tex/generic/pgf/modules
\pgfmoduledecorations.code.tex
\pgfdecoratedcompleteddistance=\dimen298
\pgfdecoratedremainingdistance=\dimen299
\pgfdecoratedinputsegmentcompleteddistance=\dimen300
\pgfdecoratedinputsegmentremainingdistance=\dimen301
\pgf@decorate@distancetomove=\dimen302
\pgf@decorate@repeatstate=\count344
\pgfdecorationsegmentamplitude=\dimen303
\pgfdecorationsegmentlength=\dimen304
)
\tikz@lib@dec@box=\box85
)
(C:\Users\MAISSORO Hassan\AppData\Local\Programs\MiKTeX\tex/generic/pgf/fronten
dlayer/tikz/libraries\tikzlibrarydecorations.pathmorphing.code.tex
(C:\Users\MAISSORO Hassan\AppData\Local\Programs\MiKTeX\tex/generic/pgf/librari
es/decorations\pgflibrarydecorations.pathmorphing.code.tex))
(C:\Users\MAISSORO Hassan\AppData\Local\Programs\MiKTeX\tex/generic/pgf/fronten
dlayer/tikz/libraries\tikzlibrarydecorations.pathreplacing.code.tex
(C:\Users\MAISSORO Hassan\AppData\Local\Programs\MiKTeX\tex/generic/pgf/librari
es/decorations\pgflibrarydecorations.pathreplacing.code.tex))
(C:\Users\MAISSORO Hassan\AppData\Local\Programs\MiKTeX\tex/generic/pgfplots/li
bs\tikzlibrarypgfplots.contourlua.code.tex)
\pgfplots@numplots=\count345
\pgfplots@xmin@reg=\dimen305
\pgfplots@xmax@reg=\dimen306
\pgfplots@ymin@reg=\dimen307
\pgfplots@ymax@reg=\dimen308
\pgfplots@zmin@reg=\dimen309
\pgfplots@zmax@reg=\dimen310
)
(C:\Users\MAISSORO Hassan\AppData\Local\Programs\MiKTeX\tex/generic/pgf/fronten
dlayer/tikz/libraries\tikzlibraryplotmarks.code.tex
File: tikzlibraryplotmarks.code.tex 2021/05/15 v3.1.9a (3.1.9a)

(C:\Users\MAISSORO Hassan\AppData\Local\Programs\MiKTeX\tex/generic/pgf/librari
es\pgflibraryplotmarks.code.tex
File: pgflibraryplotmarks.code.tex 2021/05/15 v3.1.9a (3.1.9a)
)))
(C:\Users\MAISSORO Hassan\AppData\Local\Programs\MiKTeX\tex/generic/pgfplots/li
bs\tikzlibrarypgfplots.statistics.code.tex)
(C:\Users\MAISSORO Hassan\AppData\Local\Programs\MiKTeX\tex/latex/pgfplots\pgfp
lotstable.sty
(C:\Users\MAISSORO Hassan\AppData\Local\Programs\MiKTeX\tex/generic/pgfplots\pg
fplots.revision.tex)
Package: pgfplotstable 2021/05/15 v1.18.1 Table typesetting and Pretty-printing
 (1.18.1)

(C:\Users\MAISSORO Hassan\AppData\Local\Programs\MiKTeX\tex/generic/pgfplots/nu
mtable\pgfplotstable.code.tex
(C:\Users\MAISSORO Hassan\AppData\Local\Programs\MiKTeX\tex/generic/pgfplots/nu
mtable\pgfplotstable.coltype.code.tex)))
(C:\Users\MAISSORO Hassan\AppData\Local\Programs\MiKTeX\tex/latex/tools\xr.sty
Package: xr 2020-05-10 v5.06 eXternal References (DPC)
) (notations.tex
(C:\Users\MAISSORO Hassan\AppData\Local\Programs\MiKTeX\tex/latex/tools\enumera
te.sty
Package: enumerate 2015/07/23 v3.00 enumerate extensions (DPC)
\@enLab=\toks57
)
(C:\Users\MAISSORO Hassan\AppData\Local\Programs\MiKTeX\tex/latex/comment\comme
nt.sty
\CommentStream=\write4
 Excluding comment 'comment')
(C:\Users\MAISSORO Hassan\AppData\Local\Programs\MiKTeX\tex/latex/caption\subca
ption.sty
Package: subcaption 2022/01/07 v1.5 Sub-captions (AR)

(C:\Users\MAISSORO Hassan\AppData\Local\Programs\MiKTeX\tex/latex/caption\capti
on.sty
Package: caption 2022/03/01 v3.6b Customizing captions (AR)

(C:\Users\MAISSORO Hassan\AppData\Local\Programs\MiKTeX\tex/latex/caption\capti
on3.sty
Package: caption3 2022/03/17 v2.3b caption3 kernel (AR)
\caption@tempdima=\dimen311
\captionmargin=\dimen312
\caption@leftmargin=\dimen313
\caption@rightmargin=\dimen314
\caption@width=\dimen315
\caption@indent=\dimen316
\caption@parindent=\dimen317
\caption@hangindent=\dimen318
Package caption Info: Standard document class detected.
)
\c@caption@flags=\count346
\c@continuedfloat=\count347
Package caption Info: float package is loaded.
Package caption Info: hyperref package is loaded.
)
\c@subfigure=\count348
\c@subtable=\count349
)
(C:\Users\MAISSORO Hassan\AppData\Local\Programs\MiKTeX\tex/latex/doublestroke\
dsfont.sty
Package: dsfont 1995/08/01 v0.1 Double stroke roman fonts
)
\c@stp=\count350
\c@lemA=\count351
\c@lemSM=\count352
\c@theorem=\count353
\c@corollary=\count354
\c@proposition=\count355
\c@definition=\count356
\c@lemma=\count357
\c@example=\count358
\c@remark=\count359
\c@conjecture=\count360


Package siunitx Warning: Option "binary-units" has been removed in this
(siunitx)                release.

\c@assumptionHt=\count361
\c@assumptionH=\count362
\c@assumptionE=\count363
\c@assumptionD=\count364
\c@assump=\count365
\c@assumpA=\count366
) (best_predictor_aout24.aux)
\openout1 = `best_predictor_aout24.aux'.

LaTeX Font Info:    Checking defaults for OML/cmm/m/it on input line 84.
LaTeX Font Info:    ... okay on input line 84.
LaTeX Font Info:    Checking defaults for OMS/cmsy/m/n on input line 84.
LaTeX Font Info:    ... okay on input line 84.
LaTeX Font Info:    Checking defaults for OT1/cmr/m/n on input line 84.
LaTeX Font Info:    ... okay on input line 84.
LaTeX Font Info:    Checking defaults for T1/cmr/m/n on input line 84.
LaTeX Font Info:    ... okay on input line 84.
LaTeX Font Info:    Checking defaults for TS1/cmr/m/n on input line 84.
LaTeX Font Info:    ... okay on input line 84.
LaTeX Font Info:    Checking defaults for OMX/cmex/m/n on input line 84.
LaTeX Font Info:    ... okay on input line 84.
LaTeX Font Info:    Checking defaults for U/cmr/m/n on input line 84.
LaTeX Font Info:    ... okay on input line 84.
LaTeX Font Info:    Checking defaults for PD1/pdf/m/n on input line 84.
LaTeX Font Info:    ... okay on input line 84.
LaTeX Font Info:    Checking defaults for PU/pdf/m/n on input line 84.
LaTeX Font Info:    ... okay on input line 84.

*geometry* driver: auto-detecting
*geometry* detected driver: pdftex
*geometry* verbose mode - [ preamble ] result:
* driver: pdftex
* paper: letterpaper
* layout: <same size as paper>
* layoutoffset:(h,v)=(0.0pt,0.0pt)
* modes: 
* h-part:(L,W,R)=(113.81102pt, 415.12572pt, 85.35826pt)
* v-part:(T,H,B)=(56.9055pt, 681.15898pt, 56.9055pt)
* \paperwidth=614.295pt
* \paperheight=794.96999pt
* \textwidth=455.24408pt
* \textheight=625.96062pt
* \oddsidemargin=41.54103pt
* \evensidemargin=41.54103pt
* \topmargin=-28.45274pt
* \headheight=12.0pt
* \headsep=25.0pt
* \topskip=10.0pt
* \footskip=30.0pt
* \marginparwidth=170.71652pt
* \marginparsep=11.0pt
* \columnsep=10.0pt
* \skip\footins=9.0pt plus 4.0pt minus 2.0pt
* \hoffset=-39.83368pt
* \voffset=0.0pt
* \mag=1000
* \@twocolumnfalse
* \@twosidefalse
* \@mparswitchfalse
* \@reversemarginfalse
* (1in=72.27pt=25.4mm, 1cm=28.453pt)


(C:\Users\MAISSORO Hassan\AppData\Local\Programs\MiKTeX\tex/latex/translations/
dicts\translations-basic-dictionary-english.trsl
File: translations-basic-dictionary-english.trsl (english translation file `tra
nslations-basic-dictionary')
)
Package translations Info: loading dictionary `translations-basic-dictionary' f
or `english'. on input line 84.

(C:\Users\MAISSORO Hassan\AppData\Local\Programs\MiKTeX\tex/context/base/mkii\s
upp-pdf.mkii
[Loading MPS to PDF converter (version 2006.09.02).]
\scratchcounter=\count367
\scratchdimen=\dimen319
\scratchbox=\box86
\nofMPsegments=\count368
\nofMParguments=\count369
\everyMPshowfont=\toks58
\MPscratchCnt=\count370
\MPscratchDim=\dimen320
\MPnumerator=\count371
\makeMPintoPDFobject=\count372
\everyMPtoPDFconversion=\toks59
)
(C:\Users\MAISSORO Hassan\AppData\Local\Programs\MiKTeX\tex/latex/epstopdf-pkg\
epstopdf-base.sty
Package: epstopdf-base 2020-01-24 v2.11 Base part for package epstopdf
Package epstopdf-base Info: Redefining graphics rule for `.eps' on input line 4
85.

(C:\Users\MAISSORO Hassan\AppData\Local\Programs\MiKTeX\tex/latex/00miktex\epst
opdf-sys.cfg
File: epstopdf-sys.cfg 2021/03/18 v2.0 Configuration of epstopdf for MiKTeX
))
Package hyperref Info: Link coloring ON on input line 84.
 (best_predictor_aout24.out) (best_predictor_aout24.out)
\@outlinefile=\write5
\openout5 = `best_predictor_aout24.out'.



Package pgfplots Warning: running in backwards compatibility mode (unsuitable t
ick labels; missing features). Consider writing \pgfplotsset{compat=1.18} into 
your preamble.
 on input line 84.

Package caption Info: Begin \AtBeginDocument code.
Package caption Info: End \AtBeginDocument code.
LaTeX Font Info:    Trying to load font information for U+msa on input line 86.


(C:\Users\MAISSORO Hassan\AppData\Local\Programs\MiKTeX\tex/latex/amsfonts\umsa
.fd
File: umsa.fd 2013/01/14 v3.01 AMS symbols A
)
LaTeX Font Info:    Trying to load font information for U+msb on input line 86.


(C:\Users\MAISSORO Hassan\AppData\Local\Programs\MiKTeX\tex/latex/amsfonts\umsb
.fd
File: umsb.fd 2013/01/14 v3.01 AMS symbols B
) (best_predictor_aout24.toc)
\tf@toc=\write6
\openout6 = `best_predictor_aout24.toc'.

 [1

{C:/Users/MAISSORO Hassan/AppData/Local/MiKTeX/fonts/map/pdftex/pdftex.map}]
LaTeX Font Info:    Trying to load font information for U+euf on input line 110
.

(C:\Users\MAISSORO Hassan\AppData\Local\Programs\MiKTeX\tex/latex/amsfonts\ueuf
.fd
File: ueuf.fd 2013/01/14 v3.01 Euler Fraktur
) [2]
Overfull \hbox (8.46013pt too wide) detected at line 222
[]
 []

[3] [4] [5]

Package hyperref Warning: Token not allowed in a PDF string (Unicode):
(hyperref)                removing `math shift' on input line 386.


Package hyperref Warning: Token not allowed in a PDF string (Unicode):
(hyperref)                removing `\alpha' on input line 386.


Package hyperref Warning: Token not allowed in a PDF string (Unicode):
(hyperref)                removing `math shift' on input line 386.

[6] [7] (Numerical_analysis-2025-07-v1.tex
<./figures_tikz/real_data_conso_4last_curves.pdf, id=233, 867.24pt x 216.81pt>
File: ./figures_tikz/real_data_conso_4last_curves.pdf Graphic file (type pdf)
<use ./figures_tikz/real_data_conso_4last_curves.pdf>
Package pdftex.def Info: ./figures_tikz/real_data_conso_4last_curves.pdf  used 
on input line 23.
(pdftex.def)             Requested size: 455.24408pt x 113.81041pt.


LaTeX Font Warning: Command \footnotesize invalid in math mode on input line 31
.


LaTeX Font Warning: Command \footnotesize invalid in math mode on input line 31
.


LaTeX Font Warning: Command \footnotesize invalid in math mode on input line 31
.

<./figures_tikz/local_exponent_conso.pdf, id=234, 289.08pt x 216.81pt>
File: ./figures_tikz/local_exponent_conso.pdf Graphic file (type pdf)
<use ./figures_tikz/local_exponent_conso.pdf>
Package pdftex.def Info: ./figures_tikz/local_exponent_conso.pdf  used on input
 line 32.
(pdftex.def)             Requested size: 136.5746pt x 102.43002pt.
<./figures_tikz/smooth_mean_conso.pdf, id=235, 289.08pt x 216.81pt>
File: ./figures_tikz/smooth_mean_conso.pdf Graphic file (type pdf)
<use ./figures_tikz/smooth_mean_conso.pdf>
Package pdftex.def Info: ./figures_tikz/smooth_mean_conso.pdf  used on input li
ne 32.
(pdftex.def)             Requested size: 136.5746pt x 102.43002pt.
<./figures_tikz/far_kernel_conso.pdf, id=236, 505.89pt x 361.35pt>
File: ./figures_tikz/far_kernel_conso.pdf Graphic file (type pdf)
<use ./figures_tikz/far_kernel_conso.pdf>
Package pdftex.def Info: ./figures_tikz/far_kernel_conso.pdf  used on input lin
e 33.
(pdftex.def)             Requested size: 136.5746pt x 97.55476pt.

LaTeX Warning: `!h' float specifier changed to `!ht'.


LaTeX Warning: Reference `eq:blup:sigma_estimator' on page 8 undefined on input
 line 39.

[8 <./figures_tikz/real_data_conso_4last_curves.pdf>]
<./figures_tikz/generated_conso_4last_curves.pdf, id=262, 867.24pt x 216.81pt>
File: ./figures_tikz/generated_conso_4last_curves.pdf Graphic file (type pdf)
<use ./figures_tikz/generated_conso_4last_curves.pdf>
Package pdftex.def Info: ./figures_tikz/generated_conso_4last_curves.pdf  used 
on input line 44.
(pdftex.def)             Requested size: 455.24408pt x 113.81041pt.
<./figures_tikz/variance_FTS_new_design_conso_lag=0.pdf, id=265, 505.89pt x 361
.35pt>
File: ./figures_tikz/variance_FTS_new_design_conso_lag=0.pdf Graphic file (type
 pdf)
<use ./figures_tikz/variance_FTS_new_design_conso_lag=0.pdf>
Package pdftex.def Info: ./figures_tikz/variance_FTS_new_design_conso_lag=0.pdf
  used on input line 53.
(pdftex.def)             Requested size: 182.09485pt x 130.06935pt.


LaTeX Warning: `!h' float specifier changed to `!ht'.


LaTeX Warning: Reference `eq:hat_Gamma_ell' on page 9 undefined on input line 6
0.


LaTeX Warning: Reference `eq:hat_Gamma_0:diagonal_outside' on page 9 undefined 
on input line 60.


LaTeX Warning: Reference `eq:hat_Gamma_0:diagonal' on page 9 undefined on input
 line 60.


LaTeX Warning: Reference `eq:gamma:risk-minimization' on page 9 undefined on in
put line 60.


LaTeX Warning: Reference `eq:gamma_0:diagonal_outside:risk-minimization' on pag
e 9 undefined on input line 60.


LaTeX Warning: Reference `eq:gamma_0_diag:risk-minimization' on page 9 undefine
d on input line 60.


LaTeX Warning: Reference `eq:blup:LP_est_v' on page 9 undefined on input line 6
1.

[9 <./figures_tikz/local_exponent_conso.pdf> <./figures_tikz/smooth_mean_conso.
pdf> <./figures_tikz/far_kernel_conso.pdf> <./figures_tikz/generated_conso_4las
t_curves.pdf>]

LaTeX Warning: Reference `eq:blup:LP_est_v' on page 10 undefined on input line 
65.


LaTeX Warning: Reference `eq:hat_Gamma_ell' on page 10 undefined on input line 
91.


LaTeX Warning: Reference `eq:risk-Gamma' on page 10 undefined on input line 91.


[10 <./figures_tikz/variance_FTS_new_design_conso_lag=0.pdf>]

LaTeX Warning: Reference `eq:risk-Gamma' on page 11 undefined on input line 93.


<./figures_tikz/autocov/plt_autocov_risk_conso_new_design_N=150_lambda=100_s=0.
2_t=0.3.png, id=323, 301.125pt x 255.95625pt>
File: ./figures_tikz/autocov/plt_autocov_risk_conso_new_design_N=150_lambda=100
_s=0.2_t=0.3.png Graphic file (type png)
<use ./figures_tikz/autocov/plt_autocov_risk_conso_new_design_N=150_lambda=100_
s=0.2_t=0.3.png>
Package pdftex.def Info: ./figures_tikz/autocov/plt_autocov_risk_conso_new_desi
gn_N=150_lambda=100_s=0.2_t=0.3.png  used on input line 100.
(pdftex.def)             Requested size: 159.3382pt x 135.44135pt.
<./figures_tikz/autocov/plt_autocov_risk_conso_new_design_N=150_lambda=100_s=0.
5_t=0.2.png, id=325, 301.125pt x 255.95625pt>
File: ./figures_tikz/autocov/plt_autocov_risk_conso_new_design_N=150_lambda=100
_s=0.5_t=0.2.png Graphic file (type png)
<use ./figures_tikz/autocov/plt_autocov_risk_conso_new_design_N=150_lambda=100_
s=0.5_t=0.2.png>
Package pdftex.def Info: ./figures_tikz/autocov/plt_autocov_risk_conso_new_desi
gn_N=150_lambda=100_s=0.5_t=0.2.png  used on input line 100.
(pdftex.def)             Requested size: 159.3382pt x 135.44135pt.
<./figures_tikz/autocov/plt_autocov_risk_conso_new_design_N=150_lambda=100_s=0.
1_t=0.4.png, id=326, 301.125pt x 255.95625pt>
File: ./figures_tikz/autocov/plt_autocov_risk_conso_new_design_N=150_lambda=100
_s=0.1_t=0.4.png Graphic file (type png)
<use ./figures_tikz/autocov/plt_autocov_risk_conso_new_design_N=150_lambda=100_
s=0.1_t=0.4.png>
Package pdftex.def Info: ./figures_tikz/autocov/plt_autocov_risk_conso_new_desi
gn_N=150_lambda=100_s=0.1_t=0.4.png  used on input line 106.
(pdftex.def)             Requested size: 159.3382pt x 135.44135pt.
<./figures_tikz/autocov/plt_autocov_risk_conso_new_design_N=150_lambda=100_s=0.
8_t=0.5.png, id=327, 301.125pt x 255.95625pt>
File: ./figures_tikz/autocov/plt_autocov_risk_conso_new_design_N=150_lambda=100
_s=0.8_t=0.5.png Graphic file (type png)
<use ./figures_tikz/autocov/plt_autocov_risk_conso_new_design_N=150_lambda=100_
s=0.8_t=0.5.png>
Package pdftex.def Info: ./figures_tikz/autocov/plt_autocov_risk_conso_new_desi
gn_N=150_lambda=100_s=0.8_t=0.5.png  used on input line 107.
(pdftex.def)             Requested size: 159.3382pt x 135.44135pt.

LaTeX Warning: `!h' float specifier changed to `!ht'.


LaTeX Warning: Reference `thm:Gamma' on page 11 undefined on input line 125.

<./figures_tikz/autocov/boxplot_conso_autocov_ratio_new_design_lag=1_all_bis.pd
f, id=329, 1011.78pt x 722.7pt>
File: ./figures_tikz/autocov/boxplot_conso_autocov_ratio_new_design_lag=1_all_b
is.pdf Graphic file (type pdf)
<use ./figures_tikz/autocov/boxplot_conso_autocov_ratio_new_design_lag=1_all_bi
s.pdf>
Package pdftex.def Info: ./figures_tikz/autocov/boxplot_conso_autocov_ratio_new
_design_lag=1_all_bis.pdf  used on input line 129.
(pdftex.def)             Requested size: 409.71689pt x 292.65881pt.

LaTeX Warning: `!h' float specifier changed to `!ht'.


LaTeX Warning: Reference `eq:risk-Gamma_0:diagonal_outside' on page 11 undefine
d on input line 135.


LaTeX Warning: Reference `eq:risk-Gamma_0' on page 11 undefined on input line 1
35.


LaTeX Warning: Reference `eq:risk-Gamma_0:diagonal_outside' on page 11 undefine
d on input line 137.


LaTeX Warning: Reference `eq:risk-Gamma_0:diagonal_outside' on page 11 undefine
d on input line 139.

[11]
<./figures_tikz/cov/plt_cov_risk_conso_new_design_N=150_lambda=100_s=0.2_t=0.3.
png, id=344, 278.54062pt x 233.37187pt>
File: ./figures_tikz/cov/plt_cov_risk_conso_new_design_N=150_lambda=100_s=0.2_t
=0.3.png Graphic file (type png)
<use ./figures_tikz/cov/plt_cov_risk_conso_new_design_N=150_lambda=100_s=0.2_t=
0.3.png>
Package pdftex.def Info: ./figures_tikz/cov/plt_cov_risk_conso_new_design_N=150
_lambda=100_s=0.2_t=0.3.png  used on input line 146.
(pdftex.def)             Requested size: 159.3382pt x 133.5005pt.
<./figures_tikz/cov/plt_cov_risk_conso_new_design_N=150_lambda=100_s=0.5_t=0.2.
png, id=345, 278.54062pt x 233.37187pt>
File: ./figures_tikz/cov/plt_cov_risk_conso_new_design_N=150_lambda=100_s=0.5_t
=0.2.png Graphic file (type png)
<use ./figures_tikz/cov/plt_cov_risk_conso_new_design_N=150_lambda=100_s=0.5_t=
0.2.png>
Package pdftex.def Info: ./figures_tikz/cov/plt_cov_risk_conso_new_design_N=150
_lambda=100_s=0.5_t=0.2.png  used on input line 146.
(pdftex.def)             Requested size: 159.3382pt x 133.5005pt.
<./figures_tikz/cov/plt_cov_risk_conso_new_design_N=150_lambda=100_s=0.1_t=0.4.
png, id=346, 278.54062pt x 233.37187pt>
File: ./figures_tikz/cov/plt_cov_risk_conso_new_design_N=150_lambda=100_s=0.1_t
=0.4.png Graphic file (type png)
<use ./figures_tikz/cov/plt_cov_risk_conso_new_design_N=150_lambda=100_s=0.1_t=
0.4.png>
Package pdftex.def Info: ./figures_tikz/cov/plt_cov_risk_conso_new_design_N=150
_lambda=100_s=0.1_t=0.4.png  used on input line 152.
(pdftex.def)             Requested size: 159.3382pt x 133.5005pt.
<./figures_tikz/cov/plt_cov_risk_conso_new_design_N=150_lambda=100_s=0.8_t=0.5.
png, id=347, 278.54062pt x 233.37187pt>
File: ./figures_tikz/cov/plt_cov_risk_conso_new_design_N=150_lambda=100_s=0.8_t
=0.5.png Graphic file (type png)
<use ./figures_tikz/cov/plt_cov_risk_conso_new_design_N=150_lambda=100_s=0.8_t=
0.5.png>
Package pdftex.def Info: ./figures_tikz/cov/plt_cov_risk_conso_new_design_N=150
_lambda=100_s=0.8_t=0.5.png  used on input line 153.
(pdftex.def)             Requested size: 159.3382pt x 133.5005pt.


LaTeX Warning: `!h' float specifier changed to `!ht'.

<./figures_tikz/cov/plt_diag_cov_risk_conso_new_design_N=150_all_lambda_all_s.p
df, id=348, 650.43pt x 505.89pt>
File: ./figures_tikz/cov/plt_diag_cov_risk_conso_new_design_N=150_all_lambda_al
l_s.pdf Graphic file (type pdf)
<use ./figures_tikz/cov/plt_diag_cov_risk_conso_new_design_N=150_all_lambda_all
_s.pdf>
Package pdftex.def Info: ./figures_tikz/cov/plt_diag_cov_risk_conso_new_design_
N=150_all_lambda_all_s.pdf  used on input line 162.
(pdftex.def)             Requested size: 409.71689pt x 318.67378pt.

LaTeX Warning: Reference `thm:Gamma_0' on page 12 undefined on input line 167.

<./figures_tikz/cov/boxplot_conso_cov_ratio_new_desing_lag=0_all_bis.pdf, id=35
1, 1011.78pt x 722.7pt>
File: ./figures_tikz/cov/boxplot_conso_cov_ratio_new_desing_lag=0_all_bis.pdf G
raphic file (type pdf)
<use ./figures_tikz/cov/boxplot_conso_cov_ratio_new_desing_lag=0_all_bis.pdf>
Package pdftex.def Info: ./figures_tikz/cov/boxplot_conso_cov_ratio_new_desing_
lag=0_all_bis.pdf  used on input line 171.
(pdftex.def)             Requested size: 409.71689pt x 292.65881pt.

LaTeX Warning: `!h' float specifier changed to `!ht'.

[12 <./figures_tikz/autocov/plt_autocov_risk_conso_new_design_N=150_lambda=100_
s=0.2_t=0.3.png> <./figures_tikz/autocov/plt_autocov_risk_conso_new_design_N=15
0_lambda=100_s=0.5_t=0.2.png> <./figures_tikz/autocov/plt_autocov_risk_conso_ne
w_design_N=150_lambda=100_s=0.1_t=0.4.png> <./figures_tikz/autocov/plt_autocov_
risk_conso_new_design_N=150_lambda=100_s=0.8_t=0.5.png>]
<./figures_tikz/blup/hist_lag-1_facf_conso.pdf, id=368, 867.24pt x 289.08pt>
File: ./figures_tikz/blup/hist_lag-1_facf_conso.pdf Graphic file (type pdf)
<use ./figures_tikz/blup/hist_lag-1_facf_conso.pdf>
Package pdftex.def Info: ./figures_tikz/blup/hist_lag-1_facf_conso.pdf  used on
 input line 190.
(pdftex.def)             Requested size: 455.24408pt x 151.74721pt.


LaTeX Warning: `h' float specifier changed to `ht'.

[13 <./figures_tikz/autocov/boxplot_conso_autocov_ratio_new_design_lag=1_all_bi
s.pdf>] [14 <./figures_tikz/cov/plt_cov_risk_conso_new_design_N=150_lambda=100_
s=0.2_t=0.3.png> <./figures_tikz/cov/plt_cov_risk_conso_new_design_N=150_lambda
=100_s=0.5_t=0.2.png> <./figures_tikz/cov/plt_cov_risk_conso_new_design_N=150_l
ambda=100_s=0.1_t=0.4.png> <./figures_tikz/cov/plt_cov_risk_conso_new_design_N=
150_lambda=100_s=0.8_t=0.5.png>] [15 <./figures_tikz/cov/plt_diag_cov_risk_cons
o_new_design_N=150_all_lambda_all_s.pdf>]
<./figures_tikz/blup/plot_log_ise_ratio_blup_2bw_over_nw.pdf, id=422, 505.89pt 
x 361.35pt>
File: ./figures_tikz/blup/plot_log_ise_ratio_blup_2bw_over_nw.pdf Graphic file 
(type pdf)
<use ./figures_tikz/blup/plot_log_ise_ratio_blup_2bw_over_nw.pdf>
Package pdftex.def Info: ./figures_tikz/blup/plot_log_ise_ratio_blup_2bw_over_n
w.pdf  used on input line 236.
(pdftex.def)             Requested size: 227.62204pt x 162.58945pt.
<./figures_tikz/blup/log_ise_ratio_blup_over_RP20_new_design_all.pdf, id=423, 1
011.78pt x 722.7pt>
File: ./figures_tikz/blup/log_ise_ratio_blup_over_RP20_new_design_all.pdf Graph
ic file (type pdf)
<use ./figures_tikz/blup/log_ise_ratio_blup_over_RP20_new_design_all.pdf>
Package pdftex.def Info: ./figures_tikz/blup/log_ise_ratio_blup_over_RP20_new_d
esign_all.pdf  used on input line 253.
(pdftex.def)             Requested size: 409.71689pt x 292.65881pt.


LaTeX Warning: `!h' float specifier changed to `!ht'.

[16 <./figures_tikz/cov/boxplot_conso_cov_ratio_new_desing_lag=0_all_bis.pdf>]
[17 <./figures_tikz/blup/hist_lag-1_facf_conso.pdf> <./figures_tikz/blup/plot_l
og_ise_ratio_blup_2bw_over_nw.pdf>]
<./figures_tikz/blup/Facebook_volume_4last_curves.pdf, id=468, 867.24pt x 216.8
1pt>
File: ./figures_tikz/blup/Facebook_volume_4last_curves.pdf Graphic file (type p
df)
<use ./figures_tikz/blup/Facebook_volume_4last_curves.pdf>
Package pdftex.def Info: ./figures_tikz/blup/Facebook_volume_4last_curves.pdf  
used on input line 276.
(pdftex.def)             Requested size: 455.24408pt x 113.81041pt.


LaTeX Warning: `h' float specifier changed to `ht'.

<./figures_tikz/blup/Facebook_stock_volume_adaptive_pred_with_conf_band.pdf, id
=472, 1084.05pt x 361.35pt>
File: ./figures_tikz/blup/Facebook_stock_volume_adaptive_pred_with_conf_band.pd
f Graphic file (type pdf)
<use ./figures_tikz/blup/Facebook_stock_volume_adaptive_pred_with_conf_band.pdf
>
Package pdftex.def Info: ./figures_tikz/blup/Facebook_stock_volume_adaptive_pre
d_with_conf_band.pdf  used on input line 287.
(pdftex.def)             Requested size: 455.24408pt x 151.74942pt.
[18 <./figures_tikz/blup/log_ise_ratio_blup_over_RP20_new_design_all.pdf>])
[19 <./figures_tikz/blup/Facebook_volume_4last_curves.pdf> <./figures_tikz/blup
/Facebook_stock_volume_adaptive_pred_with_conf_band.pdf>] [20] [21] [22]
[23]

LaTeX Warning: Hyper reference `H:polynomelocaux' on page 24 undefined on input
 line 799.


LaTeX Warning: Reference `H:polynomelocaux' on page 24 undefined on input line 
799.


LaTeX Warning: Hyper reference `H:densityT' on page 24 undefined on input line 
799.


LaTeX Warning: Reference `H:densityT' on page 24 undefined on input line 799.

[24]

LaTeX Warning: Hyper reference `H:polynomelocaux' on page 25 undefined on input
 line 817.


LaTeX Warning: Reference `H:polynomelocaux' on page 25 undefined on input line 
817.


LaTeX Warning: Hyper reference `H:densityT' on page 25 undefined on input line 
817.


LaTeX Warning: Reference `H:densityT' on page 25 undefined on input line 817.


LaTeX Warning: Hyper reference `H:polynomelocaux' on page 25 undefined on input
 line 836.


LaTeX Warning: Reference `H:polynomelocaux' on page 25 undefined on input line 
836.


LaTeX Warning: Hyper reference `H:densityT' on page 25 undefined on input line 
836.


LaTeX Warning: Reference `H:densityT' on page 25 undefined on input line 836.

[25] (best_predictor_aout24.bbl [26]) [27] (best_predictor_aout24.aux)

LaTeX Warning: There were undefined references.

Package rerunfilecheck Info: File `best_predictor_aout24.out' has not changed.
(rerunfilecheck)             Checksum: 159C2D32506830DF97428A01CEFC4802;3254.
 ) 
Here is how much of TeX's memory you used:
 41406 strings out of 475342
 996313 string characters out of 2770150
 1492129 words of memory out of 3000000
 61996 multiletter control sequences out of 15000+600000
 486060 words of font info for 92 fonts, out of 8000000 for 9000
 1141 hyphenation exceptions out of 8191
 88i,13n,134p,1202b,1095s stack positions out of 10000i,1000n,20000p,200000b,80000s
{C:/Users/MAISSORO Hassan/AppData/Local/Programs/MiKTeX/fonts/enc/dvips/cm-su
per/cm-super-ts1.enc}<C:/Users/MAISSORO Hassan/AppData/Local/Programs/MiKTeX/fo
nts/type1/public/amsfonts/cm/cmbx10.pfb><C:/Users/MAISSORO Hassan/AppData/Local
/Programs/MiKTeX/fonts/type1/public/amsfonts/cm/cmbx12.pfb><C:/Users/MAISSORO H
assan/AppData/Local/Programs/MiKTeX/fonts/type1/public/amsfonts/cm/cmbx9.pfb><C
:/Users/MAISSORO Hassan/AppData/Local/Programs/MiKTeX/fonts/type1/public/amsfon
ts/cm/cmex10.pfb><C:/Users/MAISSORO Hassan/AppData/Local/Programs/MiKTeX/fonts/
type1/public/amsfonts/cmextra/cmex7.pfb><C:/Users/MAISSORO Hassan/AppData/Local
/Programs/MiKTeX/fonts/type1/public/amsfonts/cmextra/cmex9.pfb><C:/Users/MAISSO
RO Hassan/AppData/Local/Programs/MiKTeX/fonts/type1/public/amsfonts/cm/cmmi10.p
fb><C:/Users/MAISSORO Hassan/AppData/Local/Programs/MiKTeX/fonts/type1/public/a
msfonts/cm/cmmi12.pfb><C:/Users/MAISSORO Hassan/AppData/Local/Programs/MiKTeX/f
onts/type1/public/amsfonts/cm/cmmi5.pfb><C:/Users/MAISSORO Hassan/AppData/Local
/Programs/MiKTeX/fonts/type1/public/amsfonts/cm/cmmi6.pfb><C:/Users/MAISSORO Ha
ssan/AppData/Local/Programs/MiKTeX/fonts/type1/public/amsfonts/cm/cmmi7.pfb><C:
/Users/MAISSORO Hassan/AppData/Local/Programs/MiKTeX/fonts/type1/public/amsfont
s/cm/cmmi8.pfb><C:/Users/MAISSORO Hassan/AppData/Local/Programs/MiKTeX/fonts/ty
pe1/public/amsfonts/cm/cmmi9.pfb><C:/Users/MAISSORO Hassan/AppData/Local/Progra
ms/MiKTeX/fonts/type1/public/amsfonts/cm/cmmib10.pfb><C:/Users/MAISSORO Hassan/
AppData/Local/Programs/MiKTeX/fonts/type1/public/amsfonts/cm/cmr10.pfb><C:/User
s/MAISSORO Hassan/AppData/Local/Programs/MiKTeX/fonts/type1/public/amsfonts/cm/
cmr12.pfb><C:/Users/MAISSORO Hassan/AppData/Local/Programs/MiKTeX/fonts/type1/p
ublic/amsfonts/cm/cmr17.pfb><C:/Users/MAISSORO Hassan/AppData/Local/Programs/Mi
KTeX/fonts/type1/public/amsfonts/cm/cmr5.pfb><C:/Users/MAISSORO Hassan/AppData/
Local/Programs/MiKTeX/fonts/type1/public/amsfonts/cm/cmr6.pfb><C:/Users/MAISSOR
O Hassan/AppData/Local/Programs/MiKTeX/fonts/type1/public/amsfonts/cm/cmr7.pfb>
<C:/Users/MAISSORO Hassan/AppData/Local/Programs/MiKTeX/fonts/type1/public/amsf
onts/cm/cmr8.pfb><C:/Users/MAISSORO Hassan/AppData/Local/Programs/MiKTeX/fonts/
type1/public/amsfonts/cm/cmr9.pfb><C:/Users/MAISSORO Hassan/AppData/Local/Progr
ams/MiKTeX/fonts/type1/public/amsfonts/cm/cmsy10.pfb><C:/Users/MAISSORO Hassan/
AppData/Local/Programs/MiKTeX/fonts/type1/public/amsfonts/cm/cmsy5.pfb><C:/User
s/MAISSORO Hassan/AppData/Local/Programs/MiKTeX/fonts/type1/public/amsfonts/cm/
cmsy6.pfb><C:/Users/MAISSORO Hassan/AppData/Local/Programs/MiKTeX/fonts/type1/p
ublic/amsfonts/cm/cmsy7.pfb><C:/Users/MAISSORO Hassan/AppData/Local/Programs/Mi
KTeX/fonts/type1/public/amsfonts/cm/cmsy9.pfb><C:/Users/MAISSORO Hassan/AppData
/Local/Programs/MiKTeX/fonts/type1/public/amsfonts/cm/cmti10.pfb><C:/Users/MAIS
SORO Hassan/AppData/Local/Programs/MiKTeX/fonts/type1/public/amsfonts/cm/cmtt10
.pfb><C:/Users/MAISSORO Hassan/AppData/Local/Programs/MiKTeX/fonts/type1/public
/amsfonts/cm/cmtt8.pfb><C:/Users/MAISSORO Hassan/AppData/Local/Programs/MiKTeX/
fonts/type1/public/amsfonts/cm/cmtt9.pfb><C:/Users/MAISSORO Hassan/AppData/Loca
l/Programs/MiKTeX/fonts/type1/public/amsfonts/euler/eufm10.pfb><C:/Users/MAISSO
RO Hassan/AppData/Local/Programs/MiKTeX/fonts/type1/public/amsfonts/euler/eufm7
.pfb><C:/Users/MAISSORO Hassan/AppData/Local/Programs/MiKTeX/fonts/type1/public
/amsfonts/symbols/msbm10.pfb><C:/Users/MAISSORO Hassan/AppData/Local/Programs/M
iKTeX/fonts/type1/public/amsfonts/symbols/msbm7.pfb><C:/Users/MAISSORO Hassan/A
ppData/Local/Programs/MiKTeX/fonts/type1/public/cm-super/sfrm1000.pfb>
Output written on best_predictor_aout24.pdf (27 pages, 1118443 bytes).
PDF statistics:
 820 PDF objects out of 1000 (max. 8388607)
 119 named destinations out of 1000 (max. 500000)
 267 words of extra memory for PDF output out of 10000 (max. 10000000)

